{
  "version": "1.5.0",
  "plugins_used": [
    {
      "name": "ArtifactoryDetector"
    },
    {
      "name": "AWSKeyDetector"
    },
    {
      "name": "AzureStorageKeyDetector"
    },
    {
      "name": "Base64HighEntropyString",
      "limit": 4.5
    },
    {
      "name": "BasicAuthDetector"
    },
    {
      "name": "CloudantDetector"
    },
    {
      "name": "DiscordBotTokenDetector"
    },
    {
      "name": "GitHubTokenDetector"
    },
    {
      "name": "GitLabTokenDetector"
    },
    {
      "name": "HexHighEntropyString",
      "limit": 3.0
    },
    {
      "name": "IbmCloudIamDetector"
    },
    {
      "name": "IbmCosHmacDetector"
    },
    {
      "name": "IPPublicDetector"
    },
    {
      "name": "JwtTokenDetector"
    },
    {
      "name": "KeywordDetector",
      "keyword_exclude": ""
    },
    {
      "name": "MailchimpDetector"
    },
    {
      "name": "NpmDetector"
    },
    {
      "name": "OpenAIDetector"
    },
    {
      "name": "PrivateKeyDetector"
    },
    {
      "name": "PypiTokenDetector"
    },
    {
      "name": "SendGridDetector"
    },
    {
      "name": "SlackDetector"
    },
    {
      "name": "SoftlayerDetector"
    },
    {
      "name": "SquareOAuthDetector"
    },
    {
      "name": "StripeDetector"
    },
    {
      "name": "TelegramBotTokenDetector"
    },
    {
      "name": "TwilioKeyDetector"
    }
  ],
  "filters_used": [
    {
      "path": "detect_secrets.filters.allowlist.is_line_allowlisted"
    },
    {
      "path": "detect_secrets.filters.common.is_ignored_due_to_verification_policies",
      "min_level": 2
    },
    {
      "path": "detect_secrets.filters.heuristic.is_indirect_reference"
    },
    {
      "path": "detect_secrets.filters.heuristic.is_likely_id_string"
    },
    {
      "path": "detect_secrets.filters.heuristic.is_lock_file"
    },
    {
      "path": "detect_secrets.filters.heuristic.is_not_alphanumeric_string"
    },
    {
      "path": "detect_secrets.filters.heuristic.is_potential_uuid"
    },
    {
      "path": "detect_secrets.filters.heuristic.is_prefixed_with_dollar_sign"
    },
    {
      "path": "detect_secrets.filters.heuristic.is_sequential_string"
    },
    {
      "path": "detect_secrets.filters.heuristic.is_swagger_file"
    },
    {
      "path": "detect_secrets.filters.heuristic.is_templated_secret"
    }
  ],
  "results": {
    "instance_builder.py": [
      {
        "type": "Secret Keyword",
        "filename": "instance_builder.py",
        "hashed_secret": "2be88ca4242c76e8253ac62474851065032d6833",
        "is_verified": false,
        "line_number": 647
      }
    ],
    "scripts/lint_templates.py": [
      {
        "type": "Base64 High Entropy String",
        "filename": "scripts/lint_templates.py",
        "hashed_secret": "5625bfea3d3d3a6d3ace939e241fa62ace7ae972",
        "is_verified": false,
        "line_number": 93
      },
      {
        "type": "Base64 High Entropy String",
        "filename": "scripts/lint_templates.py",
        "hashed_secret": "f6f169841a262b33f313139fe0670f6bd8093b4f",
        "is_verified": false,
        "line_number": 94
      },
      {
        "type": "Base64 High Entropy String",
        "filename": "scripts/lint_templates.py",
        "hashed_secret": "f3ec09f87d508f2f4eb4c654aae23d761943b871",
        "is_verified": false,
        "line_number": 147
      },
      {
        "type": "Base64 High Entropy String",
        "filename": "scripts/lint_templates.py",
        "hashed_secret": "855c7aa6a6d0cccf00f04919ac684e8147ce1f7e",
        "is_verified": false,
        "line_number": 148
      },
      {
        "type": "Base64 High Entropy String",
        "filename": "scripts/lint_templates.py",
        "hashed_secret": "fa9fb3b714b2e0a5c35a35ea09c9f3c14f272730",
        "is_verified": false,
        "line_number": 201
      },
      {
        "type": "Base64 High Entropy String",
        "filename": "scripts/lint_templates.py",
        "hashed_secret": "64258b94c7043c8d6a7c354a5ea323e9222fd48b",
        "is_verified": false,
        "line_number": 202
      },
      {
        "type": "Base64 High Entropy String",
        "filename": "scripts/lint_templates.py",
        "hashed_secret": "91c8d8c28be58b1c52cd1590e961892328dc9871",
        "is_verified": false,
        "line_number": 255
      },
      {
        "type": "Base64 High Entropy String",
        "filename": "scripts/lint_templates.py",
        "hashed_secret": "aea182f1a7548f8a557e6ebfaf6a717e1d4881a0",
        "is_verified": false,
        "line_number": 256
      },
      {
        "type": "Base64 High Entropy String",
        "filename": "scripts/lint_templates.py",
        "hashed_secret": "59e2559798ad1487082d74b890382e8f5f86edd8",
        "is_verified": false,
        "line_number": 309
      },
      {
        "type": "Base64 High Entropy String",
        "filename": "scripts/lint_templates.py",
        "hashed_secret": "0528aa11d012c915dc512298fc7700e0be63a7c2",
        "is_verified": false,
        "line_number": 310
      },
      {
        "type": "Base64 High Entropy String",
        "filename": "scripts/lint_templates.py",
        "hashed_secret": "fb30f1e9c997c6e33872798d97e0aa46e5afa0f1",
        "is_verified": false,
        "line_number": 363
      },
      {
        "type": "Base64 High Entropy String",
        "filename": "scripts/lint_templates.py",
        "hashed_secret": "fd075622c852d9ef34ffe206de2d842299339915",
        "is_verified": false,
        "line_number": 364
      },
      {
        "type": "Base64 High Entropy String",
        "filename": "scripts/lint_templates.py",
        "hashed_secret": "ae49bfe1c41aebaee7ef5a8877c101552e164b75",
        "is_verified": false,
        "line_number": 471
      },
      {
        "type": "Base64 High Entropy String",
        "filename": "scripts/lint_templates.py",
        "hashed_secret": "885a9384e116801a58c7d1bbcff1720846b66b12",
        "is_verified": false,
        "line_number": 472
      },
      {
        "type": "Base64 High Entropy String",
        "filename": "scripts/lint_templates.py",
        "hashed_secret": "b145ad7c4d71ca42371db821f080eff5b65b06a9",
        "is_verified": false,
        "line_number": 534
      },
      {
        "type": "Base64 High Entropy String",
        "filename": "scripts/lint_templates.py",
        "hashed_secret": "689154f6882a6b18319dfd7e3aea648358d777f2",
        "is_verified": false,
        "line_number": 535
      },
      {
        "type": "Base64 High Entropy String",
        "filename": "scripts/lint_templates.py",
        "hashed_secret": "b796cbada1353d64f60333310f4065d1a593136e",
        "is_verified": false,
        "line_number": 588
      },
      {
        "type": "Base64 High Entropy String",
        "filename": "scripts/lint_templates.py",
        "hashed_secret": "c620c4bf352acd7930b8f0e54b80b7d78351ab79",
        "is_verified": false,
        "line_number": 589
      },
      {
        "type": "Base64 High Entropy String",
        "filename": "scripts/lint_templates.py",
        "hashed_secret": "4277a02bd7a31f531a4b6d3efee1c83f38636c75",
        "is_verified": false,
        "line_number": 642
      },
      {
        "type": "Base64 High Entropy String",
        "filename": "scripts/lint_templates.py",
        "hashed_secret": "b2af7f4dc28153e92feab4e798e38fd364d550f1",
        "is_verified": false,
        "line_number": 643
      },
      {
        "type": "Base64 High Entropy String",
        "filename": "scripts/lint_templates.py",
        "hashed_secret": "79ea0432cadda7a7783ae5e06dfc9cce0627ec3b",
        "is_verified": false,
        "line_number": 696
      },
      {
        "type": "Base64 High Entropy String",
        "filename": "scripts/lint_templates.py",
        "hashed_secret": "13e7467fd9e50033b85e83f8d61e310832f9486a",
        "is_verified": false,
        "line_number": 697
      },
      {
        "type": "Base64 High Entropy String",
        "filename": "scripts/lint_templates.py",
        "hashed_secret": "78302ba67aa369a8f44b20a64065e49b29dd4628",
        "is_verified": false,
        "line_number": 750
      },
      {
        "type": "Base64 High Entropy String",
        "filename": "scripts/lint_templates.py",
        "hashed_secret": "b6966a1b80ff6ee77739b1460f1372cf967e4907",
        "is_verified": false,
        "line_number": 751
      },
      {
        "type": "Base64 High Entropy String",
        "filename": "scripts/lint_templates.py",
        "hashed_secret": "e86692578defe1d3534a863600f222b36ab05830",
        "is_verified": false,
        "line_number": 804
      },
      {
        "type": "Base64 High Entropy String",
        "filename": "scripts/lint_templates.py",
        "hashed_secret": "10d813a337ea35efe879b276341105c2674f6369",
        "is_verified": false,
        "line_number": 805
      },
      {
        "type": "Base64 High Entropy String",
        "filename": "scripts/lint_templates.py",
        "hashed_secret": "01f25114f71af9cefcfe29989709e2cdde85ac67",
        "is_verified": false,
        "line_number": 858
      },
      {
        "type": "Base64 High Entropy String",
        "filename": "scripts/lint_templates.py",
        "hashed_secret": "6e9dcda5afadbb7c1a39c9747792c5215145c285",
        "is_verified": false,
        "line_number": 859
      },
      {
        "type": "Base64 High Entropy String",
        "filename": "scripts/lint_templates.py",
        "hashed_secret": "72da11d107353262dcabf4121542335be2cca741",
        "is_verified": false,
        "line_number": 912
      },
      {
        "type": "Base64 High Entropy String",
        "filename": "scripts/lint_templates.py",
        "hashed_secret": "1299168db8a639607a88927ca2833489452e1c4c",
        "is_verified": false,
        "line_number": 913
      },
      {
        "type": "Base64 High Entropy String",
        "filename": "scripts/lint_templates.py",
        "hashed_secret": "bcfd10752dd4ed6e5e0d0be5be6f2bf23e0b9669",
        "is_verified": false,
        "line_number": 966
      },
      {
        "type": "Base64 High Entropy String",
        "filename": "scripts/lint_templates.py",
        "hashed_secret": "50e5aa34404aad7996fcfd3529cfd90bf192d10b",
        "is_verified": false,
        "line_number": 967
      }
    ],
    "templates/DEFAULT_EC2_TEMPLATE.j2": [
      {
        "type": "Secret Keyword",
        "filename": "templates/DEFAULT_EC2_TEMPLATE.j2",
        "hashed_secret": "5ffe533b830f08a0326348a9160afafc8ada44db",
        "is_verified": false,
        "line_number": 39
      }
    ],
    "tests/test_instance_builder.py": [
      {
        "type": "Private Key",
        "filename": "tests/test_instance_builder.py",
        "hashed_secret": "1348b145fa1a555461c1b790a2f66614781091e9",
        "is_verified": false,
        "line_number": 690
      },
      {
        "type": "Secret Keyword",
        "filename": "tests/test_instance_builder.py",
        "hashed_secret": "f3bbbd66a63d4bf1747940578ec3d0103530e21d",
        "is_verified": false,
        "line_number": 946
      },
      {
        "type": "Secret Keyword",
        "filename": "tests/test_instance_builder.py",
        "hashed_secret": "489924b8bf95ff35d4661d3126207688f81a77bf",
        "is_verified": false,
        "line_number": 954
      },
      {
        "type": "Secret Keyword",
        "filename": "tests/test_instance_builder.py",
        "hashed_secret": "fb8926928245f4b06c508377a19c3e881e6acb95",
        "is_verified": false,
        "line_number": 955
      }
    ],
    "tests/test_template_behavior.py": [
      {
        "type": "Base64 High Entropy String",
        "filename": "tests/test_template_behavior.py",
        "hashed_secret": "5625bfea3d3d3a6d3ace939e241fa62ace7ae972",
        "is_verified": false,
        "line_number": 50
      },
      {
        "type": "Base64 High Entropy String",
        "filename": "tests/test_template_behavior.py",
        "hashed_secret": "f6f169841a262b33f313139fe0670f6bd8093b4f",
        "is_verified": false,
        "line_number": 51
      }
    ]
  },
  "generated_at": "2026-09-10T16:30:02Z"
}
